  Determinando los proyectos que se van a restaurar...
  Todos los proyectos est├ín actualizados para la restauraci├│n.
C:\Program Files\dotnet\sdk\9.0.307\Microsoft.Common.CurrentVersion.targets(5394,5): warning MSB3026: No se pudo copiar "C:\Dev\projectReport\ProjectReport\obj\Debug\net8.0-windows\apphost.exe" en "bin\Debug\net8.0-windows\ProjectReport.exe". Se iniciar├í el reintento 1 dentro de 1000ms. The process cannot access the file 'C:\Dev\projectReport\ProjectReport\bin\Debug\net8.0-windows\ProjectReport.exe' because it is being used by another process. El archivo se ha bloqueado por: "ProjectReport (27092)" [C:\Dev\projectReport\ProjectReport\ProjectReport.csproj]
C:\Program Files\dotnet\sdk\9.0.307\Microsoft.Common.CurrentVersion.targets(5394,5): warning MSB3026: No se pudo copiar "C:\Dev\projectReport\ProjectReport\obj\Debug\net8.0-windows\apphost.exe" en "bin\Debug\net8.0-windows\ProjectReport.exe". Se iniciar├í el reintento 2 dentro de 1000ms. The process cannot access the file 'C:\Dev\projectReport\ProjectReport\bin\Debug\net8.0-windows\ProjectReport.exe' because it is being used by another process. El archivo se ha bloqueado por: "ProjectReport (27092)" [C:\Dev\projectReport\ProjectReport\ProjectReport.csproj]
C:\Program Files\dotnet\sdk\9.0.307\Microsoft.Common.CurrentVersion.targets(5394,5): warning MSB3026: No se pudo copiar "C:\Dev\projectReport\ProjectReport\obj\Debug\net8.0-windows\apphost.exe" en "bin\Debug\net8.0-windows\ProjectReport.exe". Se iniciar├í el reintento 3 dentro de 1000ms. The process cannot access the file 'C:\Dev\projectReport\ProjectReport\bin\Debug\net8.0-windows\ProjectReport.exe' because it is being used by another process. El archivo se ha bloqueado por: "ProjectReport (27092)" [C:\Dev\projectReport\ProjectReport\ProjectReport.csproj]
C:\Program Files\dotnet\sdk\9.0.307\Microsoft.Common.CurrentVersion.targets(5394,5): warning MSB3026: No se pudo copiar "C:\Dev\projectReport\ProjectReport\obj\Debug\net8.0-windows\apphost.exe" en "bin\Debug\net8.0-windows\ProjectReport.exe". Se iniciar├í el reintento 4 dentro de 1000ms. The process cannot access the file 'C:\Dev\projectReport\ProjectReport\bin\Debug\net8.0-windows\ProjectReport.exe' because it is being used by another process. El archivo se ha bloqueado por: "ProjectReport (27092)" [C:\Dev\projectReport\ProjectReport\ProjectReport.csproj]
C:\Program Files\dotnet\sdk\9.0.307\Microsoft.Common.CurrentVersion.targets(5394,5): warning MSB3026: No se pudo copiar "C:\Dev\projectReport\ProjectReport\obj\Debug\net8.0-windows\apphost.exe" en "bin\Debug\net8.0-windows\ProjectReport.exe". Se iniciar├í el reintento 5 dentro de 1000ms. The process cannot access the file 'C:\Dev\projectReport\ProjectReport\bin\Debug\net8.0-windows\ProjectReport.exe' because it is being used by another process. El archivo se ha bloqueado por: "ProjectReport (27092)" [C:\Dev\projectReport\ProjectReport\ProjectReport.csproj]
C:\Program Files\dotnet\sdk\9.0.307\Microsoft.Common.CurrentVersion.targets(5394,5): warning MSB3026: No se pudo copiar "C:\Dev\projectReport\ProjectReport\obj\Debug\net8.0-windows\apphost.exe" en "bin\Debug\net8.0-windows\ProjectReport.exe". Se iniciar├í el reintento 6 dentro de 1000ms. The process cannot access the file 'C:\Dev\projectReport\ProjectReport\bin\Debug\net8.0-windows\ProjectReport.exe' because it is being used by another process. El archivo se ha bloqueado por: "ProjectReport (27092)" [C:\Dev\projectReport\ProjectReport\ProjectReport.csproj]
C:\Program Files\dotnet\sdk\9.0.307\Microsoft.Common.CurrentVersion.targets(5394,5): warning MSB3026: No se pudo copiar "C:\Dev\projectReport\ProjectReport\obj\Debug\net8.0-windows\apphost.exe" en "bin\Debug\net8.0-windows\ProjectReport.exe". Se iniciar├í el reintento 7 dentro de 1000ms. The process cannot access the file 'C:\Dev\projectReport\ProjectReport\bin\Debug\net8.0-windows\ProjectReport.exe' because it is being used by another process. El archivo se ha bloqueado por: "ProjectReport (27092)" [C:\Dev\projectReport\ProjectReport\ProjectReport.csproj]
C:\Program Files\dotnet\sdk\9.0.307\Microsoft.Common.CurrentVersion.targets(5394,5): warning MSB3026: No se pudo copiar "C:\Dev\projectReport\ProjectReport\obj\Debug\net8.0-windows\apphost.exe" en "bin\Debug\net8.0-windows\ProjectReport.exe". Se iniciar├í el reintento 8 dentro de 1000ms. The process cannot access the file 'C:\Dev\projectReport\ProjectReport\bin\Debug\net8.0-windows\ProjectReport.exe' because it is being used by another process. El archivo se ha bloqueado por: "ProjectReport (27092)" [C:\Dev\projectReport\ProjectReport\ProjectReport.csproj]
C:\Program Files\dotnet\sdk\9.0.307\Microsoft.Common.CurrentVersion.targets(5394,5): warning MSB3026: No se pudo copiar "C:\Dev\projectReport\ProjectReport\obj\Debug\net8.0-windows\apphost.exe" en "bin\Debug\net8.0-windows\ProjectReport.exe". Se iniciar├í el reintento 9 dentro de 1000ms. The process cannot access the file 'C:\Dev\projectReport\ProjectReport\bin\Debug\net8.0-windows\ProjectReport.exe' because it is being used by another process. El archivo se ha bloqueado por: "ProjectReport (27092)" [C:\Dev\projectReport\ProjectReport\ProjectReport.csproj]
C:\Program Files\dotnet\sdk\9.0.307\Microsoft.Common.CurrentVersion.targets(5394,5): warning MSB3026: No se pudo copiar "C:\Dev\projectReport\ProjectReport\obj\Debug\net8.0-windows\apphost.exe" en "bin\Debug\net8.0-windows\ProjectReport.exe". Se iniciar├í el reintento 10 dentro de 1000ms. The process cannot access the file 'C:\Dev\projectReport\ProjectReport\bin\Debug\net8.0-windows\ProjectReport.exe' because it is being used by another process. El archivo se ha bloqueado por: "ProjectReport (27092)" [C:\Dev\projectReport\ProjectReport\ProjectReport.csproj]
C:\Program Files\dotnet\sdk\9.0.307\Microsoft.Common.CurrentVersion.targets(5394,5): error MSB3027: No se pudo copiar "C:\Dev\projectReport\ProjectReport\obj\Debug\net8.0-windows\apphost.exe" en "bin\Debug\net8.0-windows\ProjectReport.exe". Se super├│ el n├║mero de 10 reintentos. Error. El archivo se ha bloqueado por: "ProjectReport (27092)" [C:\Dev\projectReport\ProjectReport\ProjectReport.csproj]
C:\Program Files\dotnet\sdk\9.0.307\Microsoft.Common.CurrentVersion.targets(5394,5): error MSB3021: No se puede copiar "C:\Dev\projectReport\ProjectReport\obj\Debug\net8.0-windows\apphost.exe" en "bin\Debug\net8.0-windows\ProjectReport.exe". The process cannot access the file 'C:\Dev\projectReport\ProjectReport\bin\Debug\net8.0-windows\ProjectReport.exe' because it is being used by another process. [C:\Dev\projectReport\ProjectReport\ProjectReport.csproj]

ERROR al compilar.

C:\Program Files\dotnet\sdk\9.0.307\Microsoft.Common.CurrentVersion.targets(5394,5): warning MSB3026: No se pudo copiar "C:\Dev\projectReport\ProjectReport\obj\Debug\net8.0-windows\apphost.exe" en "bin\Debug\net8.0-windows\ProjectReport.exe". Se iniciar├í el reintento 1 dentro de 1000ms. The process cannot access the file 'C:\Dev\projectReport\ProjectReport\bin\Debug\net8.0-windows\ProjectReport.exe' because it is being used by another process. El archivo se ha bloqueado por: "ProjectReport (27092)" [C:\Dev\projectReport\ProjectReport\ProjectReport.csproj]
C:\Program Files\dotnet\sdk\9.0.307\Microsoft.Common.CurrentVersion.targets(5394,5): warning MSB3026: No se pudo copiar "C:\Dev\projectReport\ProjectReport\obj\Debug\net8.0-windows\apphost.exe" en "bin\Debug\net8.0-windows\ProjectReport.exe". Se iniciar├í el reintento 2 dentro de 1000ms. The process cannot access the file 'C:\Dev\projectReport\ProjectReport\bin\Debug\net8.0-windows\ProjectReport.exe' because it is being used by another process. El archivo se ha bloqueado por: "ProjectReport (27092)" [C:\Dev\projectReport\ProjectReport\ProjectReport.csproj]
C:\Program Files\dotnet\sdk\9.0.307\Microsoft.Common.CurrentVersion.targets(5394,5): warning MSB3026: No se pudo copiar "C:\Dev\projectReport\ProjectReport\obj\Debug\net8.0-windows\apphost.exe" en "bin\Debug\net8.0-windows\ProjectReport.exe". Se iniciar├í el reintento 3 dentro de 1000ms. The process cannot access the file 'C:\Dev\projectReport\ProjectReport\bin\Debug\net8.0-windows\ProjectReport.exe' because it is being used by another process. El archivo se ha bloqueado por: "ProjectReport (27092)" [C:\Dev\projectReport\ProjectReport\ProjectReport.csproj]
C:\Program Files\dotnet\sdk\9.0.307\Microsoft.Common.CurrentVersion.targets(5394,5): warning MSB3026: No se pudo copiar "C:\Dev\projectReport\ProjectReport\obj\Debug\net8.0-windows\apphost.exe" en "bin\Debug\net8.0-windows\ProjectReport.exe". Se iniciar├í el reintento 4 dentro de 1000ms. The process cannot access the file 'C:\Dev\projectReport\ProjectReport\bin\Debug\net8.0-windows\ProjectReport.exe' because it is being used by another process. El archivo se ha bloqueado por: "ProjectReport (27092)" [C:\Dev\projectReport\ProjectReport\ProjectReport.csproj]
C:\Program Files\dotnet\sdk\9.0.307\Microsoft.Common.CurrentVersion.targets(5394,5): warning MSB3026: No se pudo copiar "C:\Dev\projectReport\ProjectReport\obj\Debug\net8.0-windows\apphost.exe" en "bin\Debug\net8.0-windows\ProjectReport.exe". Se iniciar├í el reintento 5 dentro de 1000ms. The process cannot access the file 'C:\Dev\projectReport\ProjectReport\bin\Debug\net8.0-windows\ProjectReport.exe' because it is being used by another process. El archivo se ha bloqueado por: "ProjectReport (27092)" [C:\Dev\projectReport\ProjectReport\ProjectReport.csproj]
C:\Program Files\dotnet\sdk\9.0.307\Microsoft.Common.CurrentVersion.targets(5394,5): warning MSB3026: No se pudo copiar "C:\Dev\projectReport\ProjectReport\obj\Debug\net8.0-windows\apphost.exe" en "bin\Debug\net8.0-windows\ProjectReport.exe". Se iniciar├í el reintento 6 dentro de 1000ms. The process cannot access the file 'C:\Dev\projectReport\ProjectReport\bin\Debug\net8.0-windows\ProjectReport.exe' because it is being used by another process. El archivo se ha bloqueado por: "ProjectReport (27092)" [C:\Dev\projectReport\ProjectReport\ProjectReport.csproj]
C:\Program Files\dotnet\sdk\9.0.307\Microsoft.Common.CurrentVersion.targets(5394,5): warning MSB3026: No se pudo copiar "C:\Dev\projectReport\ProjectReport\obj\Debug\net8.0-windows\apphost.exe" en "bin\Debug\net8.0-windows\ProjectReport.exe". Se iniciar├í el reintento 7 dentro de 1000ms. The process cannot access the file 'C:\Dev\projectReport\ProjectReport\bin\Debug\net8.0-windows\ProjectReport.exe' because it is being used by another process. El archivo se ha bloqueado por: "ProjectReport (27092)" [C:\Dev\projectReport\ProjectReport\ProjectReport.csproj]
C:\Program Files\dotnet\sdk\9.0.307\Microsoft.Common.CurrentVersion.targets(5394,5): warning MSB3026: No se pudo copiar "C:\Dev\projectReport\ProjectReport\obj\Debug\net8.0-windows\apphost.exe" en "bin\Debug\net8.0-windows\ProjectReport.exe". Se iniciar├í el reintento 8 dentro de 1000ms. The process cannot access the file 'C:\Dev\projectReport\ProjectReport\bin\Debug\net8.0-windows\ProjectReport.exe' because it is being used by another process. El archivo se ha bloqueado por: "ProjectReport (27092)" [C:\Dev\projectReport\ProjectReport\ProjectReport.csproj]
C:\Program Files\dotnet\sdk\9.0.307\Microsoft.Common.CurrentVersion.targets(5394,5): warning MSB3026: No se pudo copiar "C:\Dev\projectReport\ProjectReport\obj\Debug\net8.0-windows\apphost.exe" en "bin\Debug\net8.0-windows\ProjectReport.exe". Se iniciar├í el reintento 9 dentro de 1000ms. The process cannot access the file 'C:\Dev\projectReport\ProjectReport\bin\Debug\net8.0-windows\ProjectReport.exe' because it is being used by another process. El archivo se ha bloqueado por: "ProjectReport (27092)" [C:\Dev\projectReport\ProjectReport\ProjectReport.csproj]
C:\Program Files\dotnet\sdk\9.0.307\Microsoft.Common.CurrentVersion.targets(5394,5): warning MSB3026: No se pudo copiar "C:\Dev\projectReport\ProjectReport\obj\Debug\net8.0-windows\apphost.exe" en "bin\Debug\net8.0-windows\ProjectReport.exe". Se iniciar├í el reintento 10 dentro de 1000ms. The process cannot access the file 'C:\Dev\projectReport\ProjectReport\bin\Debug\net8.0-windows\ProjectReport.exe' because it is being used by another process. El archivo se ha bloqueado por: "ProjectReport (27092)" [C:\Dev\projectReport\ProjectReport\ProjectReport.csproj]
C:\Program Files\dotnet\sdk\9.0.307\Microsoft.Common.CurrentVersion.targets(5394,5): error MSB3027: No se pudo copiar "C:\Dev\projectReport\ProjectReport\obj\Debug\net8.0-windows\apphost.exe" en "bin\Debug\net8.0-windows\ProjectReport.exe". Se super├│ el n├║mero de 10 reintentos. Error. El archivo se ha bloqueado por: "ProjectReport (27092)" [C:\Dev\projectReport\ProjectReport\ProjectReport.csproj]
C:\Program Files\dotnet\sdk\9.0.307\Microsoft.Common.CurrentVersion.targets(5394,5): error MSB3021: No se puede copiar "C:\Dev\projectReport\ProjectReport\obj\Debug\net8.0-windows\apphost.exe" en "bin\Debug\net8.0-windows\ProjectReport.exe". The process cannot access the file 'C:\Dev\projectReport\ProjectReport\bin\Debug\net8.0-windows\ProjectReport.exe' because it is being used by another process. [C:\Dev\projectReport\ProjectReport\ProjectReport.csproj]
    10 Advertencia(s)
    2 Errores

Tiempo transcurrido 00:00:12.32

Hay actualizaciones de carga de trabajo disponibles. Ejecute "dotnet workload list" para obtener m├ís informaci├│n.
